
Welcome to the MySQL monitor.  Commands end with ; or \g.
Your MySQL connection id is 9
Server version: 9.1.0 MySQL Community Server - GPL

Copyright (c) 2000, 2024, Oracle and/or its affiliates.

Oracle is a registered trademark of Oracle Corporation and/or its
affiliates. Other names may be trademarks of their respective
owners.

Type 'help;' or '\h' for help. Type '\c' to clear the current input statement.

mysql> create database examdatabase;
Query OK, 1 row affected (0.01 sec)

mysql> use examdatabase;
Database changed
mysql> create table client_master(clientNO int(13), name varchar(39), addres varchar(78), city varchar(54), state varchar(27), bal_due int(76));
Query OK, 0 rows affected, 2 warnings (0.02 sec)

Q1)SECTION    A mysql> insert into client_master("01", "kagabo", "nyamasheke", "tyazo", "RWANDA", "5000");
ERROR 1064 (42000): You have an error in your SQL syntax; check the manual that corresponds to your MySQL server version for the right syntax to use near '"01", "kagabo", "nyamasheke", "tyazo", "RWANDA", "5000")' at line 1mysql> insert into client_master VALUES("01", "kagabo", "nyamasheke", "tyazo", "RWANDA", "5000");
Query OK, 1 row affected (0.04 sec)

mysql> insert into client_master VALUES("02", "EMMANUEL", "GASABO", "KIGALI", "RWANDA", "3000");
Query OK, 1 row affected (0.00 sec)

mysql> insert into client_master VALUES("03", "NIYIKIZA", "RUSIZI", "KAMEMBE", "RWANDA", "4000");
Query OK, 1 row affected (0.00 sec)

mysql> insert into client_master VALUES("04", "TUYISENGE", "MUSANZE", "MUSANZE", "RWANDA", "10000");
Query OK, 1 row affected (0.00 sec)

mysql> insert into client_master VALUES("05", "HABIMANA", "NGOMA", "HUYE", "RWANDA", "4000000");
Query OK, 1 row affected (0.00 sec)

mysql> SELECT* FROM client_master;
+----------+-----------+------------+---------+--------+---------+
| clientNO | name      | addres     | city    | state  | bal_due |
+----------+-----------+------------+---------+--------+---------+
|        1 | kagabo    | nyamasheke | tyazo   | RWANDA |    5000 |
|        2 | EMMANUEL  | GASABO     | KIGALI  | RWANDA |    3000 |
|        3 | NIYIKIZA  | RUSIZI     | KAMEMBE | RWANDA |    4000 |
|        4 | TUYISENGE | MUSANZE    | MUSANZE | RWANDA |   10000 |
|        5 | HABIMANA  | NGOMA      | HUYE    | RWANDA | 4000000 |
+----------+-----------+------------+---------+--------+---------+
5 rows in set (0.02 sec)


mysql> select* from client_master;
+----------+-----------+------------+---------+--------+---------+
| clientNO | name      | addres     | city    | state  | bal_due |
+----------+-----------+------------+---------+--------+---------+
|        1 | kagabo    | nyamasheke | tyazo   | RWANDA |    5000 |
|        2 | EMMANUEL  | GASABO     | KIGALI  | RWANDA |    3000 |
|        3 | NIYIKIZA  | RUSIZI     | KAMEMBE | RWANDA |    4000 |
|        4 | TUYISENGE | MUSANZE    | MUSANZE | RWANDA |   10000 |
|        5 | HABIMANA  | NGOMA      | HUYE    | RWANDA | 4000000 |
+----------+-----------+------------+---------+--------+---------+
5 rows in set (0.00 sec)

mysql> select* from client_master ;
+----------+-----------+------------+---------+--------+---------+
| clientNO | name      | addres     | city    | state  | bal_due |
+----------+-----------+------------+---------+--------+---------+
|        1 | kagabo    | nyamasheke | tyazo   | RWANDA |    5000 |
|        2 | EMMANUEL  | GASABO     | KIGALI  | RWANDA |    3000 |
|        3 | NIYIKIZA  | RUSIZI     | KAMEMBE | RWANDA |    4000 |
|        4 | TUYISENGE | MUSANZE    | MUSANZE | RWANDA |   10000 |
|        5 | HABIMANA  | NGOMA      | HUYE    | RWANDA | 4000000 |
|      123 | jerome    | huye       | ngoma   | RWANDA |    6000 |
+----------+-----------+------------+---------+--------+---------+
6 rows in set (0.00 sec)

mysql> update client_master SET bal_due ="RS5100" where clientno ="123";
Query OK, 1 row affected, 1 warning (0.05 sec)
Rows matched: 1  Changed: 1  Warnings: 1

mysql> SELECT* FROM client_master;
+----------+-----------+------------+---------+--------+---------+
| clientNO | name      | addres     | city    | state  | bal_due |
+----------+-----------+------------+---------+--------+---------+
|        1 | kagabo    | nyamasheke | tyazo   | RWANDA |    5000 |
|        2 | EMMANUEL  | GASABO     | KIGALI  | RWANDA |    3000 |
|        3 | NIYIKIZA  | RUSIZI     | KAMEMBE | RWANDA |    4000 |
|        4 | TUYISENGE | MUSANZE    | MUSANZE | RWANDA |   10000 |
|        5 | HABIMANA  | NGOMA      | HUYE    | RWANDA | 4000000 |
|      123 | jerome    | huye       | ngoma   | RWANDA |       0 |
+----------+-----------+------------+---------+--------+---------+
6 rows in set (0.00 sec)

Q3)      mysql> update client_master SET bal_due ="5100" where clientno ="123";
Query OK, 1 row affected (0.00 sec)
Rows matched: 1  Changed: 1  Warnings: 0

mysql> SELECT* FROM client_master;
+----------+-----------+------------+---------+--------+---------+
| clientNO | name      | addres     | city    | state  | bal_due |
+----------+-----------+------------+---------+--------+---------+
|        1 | kagabo    | nyamasheke | tyazo   | RWANDA |    5000 |
|        2 | EMMANUEL  | GASABO     | KIGALI  | RWANDA |    3000 |
|        3 | NIYIKIZA  | RUSIZI     | KAMEMBE | RWANDA |    4000 |
|        4 | TUYISENGE | MUSANZE    | MUSANZE | RWANDA |   10000 |
|        5 | HABIMANA  | NGOMA      | HUYE    | RWANDA | 4000000 |
|      123 | jerome    | huye       | ngoma   | RWANDA |    5100 |
+----------+-----------+------------+---------+--------+---------+
6 rows in set (0.00 sec)



Q4)     mysql> alter table client_master rename to client12;
Query OK, 0 rows affected (0.03 sec)

mysql> select* from client12 ;
+----------+-----------+------------+---------+--------+---------+
| clientNO | name      | addres     | city    | state  | bal_due |
+----------+-----------+------------+---------+--------+---------+
|        1 | kagabo    | nyamasheke | tyazo   | RWANDA |    5000 |
|        2 | EMMANUEL  | GASABO     | KIGALI  | RWANDA |    3000 |
|        3 | NIYIKIZA  | RUSIZI     | KAMEMBE | RWANDA |    4000 |
|        4 | TUYISENGE | MUSANZE    | MUSANZE | RWANDA |   10000 |
|        5 | HABIMANA  | NGOMA      | HUYE    | RWANDA | 4000000 |
|      123 | jerome    | huye       | ngoma   | RWANDA |    5100 |
+----------+-----------+------------+---------+--------+---------+
6 rows in set (0.03 sec)

Q5)   mysql> SELECT clientno, bal_due AS balance, city from client12;
+----------+---------+---------+
| clientno | balance | city    |
+----------+---------+---------+
|        1 |    5000 | tyazo   |
|        2 |    3000 | KIGALI  |
|        3 |    4000 | KAMEMBE |
|        4 |   10000 | MUSANZE |
|        5 | 4000000 | HUYE    |
|      123 |    5100 | ngoma   |
+----------+---------+---------+
6 rows in set (0.00 sec)

Q6)    mysql> CREATE TABLE DEPARTMENT(id int(12) not null primary key , telephone int(17) , location varchar(45), salary int(34), name varchar(34));
Query OK, 0 rows affected, 3 warnings (0.04 sec)

mysql> desc DEPARTMENT ;
+-----------+-------------+------+-----+---------+-------+
| Field     | Type        | Null | Key | Default | Extra |
+-----------+-------------+------+-----+---------+-------+
| id        | int         | NO   | PRI | NULL    |       |
| telephone | int         | YES  |     | NULL    |       |
| location  | varchar(45) | YES  |     | NULL    |       |
| salary    | int         | YES  |     | NULL    |       |
| name      | varchar(34) | YES  |     | NULL    |       |
+-----------+-------------+------+-----+---------+-------+
5 rows in set (0.07 sec)

6A)   mysql> INSERT INTO DEPARTMENT VALUE("01" ,"0788888", "huye", "2000", "niyikiza");
Query OK, 1 row affected (0.02 sec)

mysql> INSERT INTO DEPARTMENT VALUE("02" ,"078899988", "kigali", "8000", "cluade");
Query OK, 1 row affected (0.00 sec)

mysql> INSERT INTO DEPARTMENT VALUE("03" ,"071899988", "rubavu", "824", "belte");
Query OK, 1 row affected (0.00 sec)

mysql> INSERT INTO DEPARTMENT VALUE("04" ,"0718922", "rusizi", "8001", "habimana");
Query OK, 1 row affected (0.00 sec)

mysql> INSERT INTO DEPARTMENT VALUE("05" ,"071111", "kamembe", "3400", "solange");
Query OK, 1 row affected (0.00 sec)

   mysql> select* from DEPARTMENT;
+----+-----------+----------+--------+----------+
| id | telephone | location | salary | name     |
+----+-----------+----------+--------+----------+
|  1 |    788888 | huye     |   2000 | niyikiza |
|  2 |  78899988 | kigali   |   8000 | cluade   |
|  3 |  71899988 | rubavu   |    824 | belte    |
|  4 |    718922 | rusizi   |   8001 | habimana |
|  5 |     71111 | kamembe  |   3400 | solange  |
+----+-----------+----------+--------+----------+
5 rows in set (0.00 sec)

mysql> CREATE TABLE EMPLOYEES(id int(12) not null primary key , telephone int(17) ,  salary int(34), name varchar(34));
Query OK, 0 rows affected, 3 warnings (0.03 sec)

mysql> DESC EMPLOYEES;
+-----------+-------------+------+-----+---------+-------+
| Field     | Type        | Null | Key | Default | Extra |
+-----------+-------------+------+-----+---------+-------+
| id        | int         | NO   | PRI | NULL    |       |
| telephone | int         | YES  |     | NULL    |       |
| salary    | int         | YES  |     | NULL    |       |
| name      | varchar(34) | YES  |     | NULL    |       |
+-----------+-------------+------+-----+---------+-------+
4 rows in set (0.00 sec

6A)  mysql> SELECT* FROM EMPLOYEES;
+----+-----------+--------+------+
| id | telephone | salary | name |
+----+-----------+--------+------+
|  1 |     78222 |   3200 | name |
+----+-----------+--------+------+
1 row in set (0.00 sec)

mysql> INSERT INTO EMPLOYEES VALUE("02" ,"078221","321111", "emmanuel");
Query OK, 1 row affected (0.00 sec)

mysql> INSERT INTO EMPLOYEES VALUE("03" ,"078220","321121", "bugingo");
Query OK, 1 row affected (0.00 sec)

mysql> INSERT INTO EMPLOYEES VALUE("04" ,"078111","321021", "juma");
Query OK, 1 row affected (0.00 sec)

mysql> INSERT INTO EMPLOYEES VALUE("05" ,"078001","328888", "habimana");
Query OK, 1 row affected (0.00 sec)

mysql> select* from EMPLOYEES;
+----+-----------+--------+----------+
| id | telephone | salary | name     |
+----+-----------+--------+----------+
|  1 |     78222 |   3200 | name     |
|  2 |     78221 | 321111 | emmanuel |
|  3 |     78220 | 321121 | bugingo  |
|  4 |     78111 | 321021 | juma     |
|  5 |     78001 | 328888 | habimana |
+----+-----------+--------+----------+
5 rows in set (0.00 sec)

mysql> desc DEPARTMENT;
+-----------+-------------+------+-----+---------+-------+
| Field     | Type        | Null | Key | Default | Extra |
+-----------+-------------+------+-----+---------+-------+
| id        | int         | NO   | PRI | NULL    |       |
| telephone | int         | YES  |     | NULL    |       |
| location  | varchar(45) | YES  |     | NULL    |       |
| salary    | int         | YES  |     | NULL    |       |
| name      | varchar(34) | YES  |     | NULL    |       |
+-----------+-------------+------+-----+---------+-------+
5 rows in set (0.00 sec)

mysql>  select id, telephone, salary, name, location from DEPARTMENT , EMPLOYEES ;
ERROR 1052 (23000): Column 'id' in field list is ambiguous
mysql>  select id, salary, name from DEPARTMENT , EMPLOYEES ;A
ERROR 1052 (23000): Column 'id' in field list is ambiguous
    -> desc DEPARTMENT;

mysql>  select id, salary, name from DEPARTMENT ;
+----+--------+----------+
| id | salary | name     |
+----+--------+----------+
|  1 |   2000 | niyikiza |
|  2 |   8000 | cluade   |
|  3 |    824 | belte    |
|  4 |   8001 | habimana |
|  5 |   3400 | solange  |
+----+--------+----------+
5 rows in set (0.00 sec)

mysql>  select id, salary, name from EMPLOYEES ;
+----+--------+----------+
| id | salary | name     |
+----+--------+----------+
|  1 |   3200 | name     |
|  2 | 321111 | emmanuel |
|  3 | 321121 | bugingo  |
|  4 | 321021 | juma     |
|  5 | 328888 | habimana |
+----+--------+----------+
5 rows in set (0.00 sec)
mysql> alter table DEPARTMENT  add foreign key (salary) references EMPLOYEES(salary);
Query OK, 5 rows affected (0.14 sec)
Records: 5  Duplicates: 0  Warnings: 0

mysql> desc department ;
+-----------+-------------+------+-----+---------+-------+
| Field     | Type        | Null | Key | Default | Extra |
+-----------+-------------+------+-----+---------+-------+
| id        | int         | NO   | PRI | NULL    |       |
| telephone | int         | YES  |     | NULL    |       |
| location  | varchar(45) | YES  |     | NULL    |       |
| salary    | int         | YES  | MUL | NULL    |       |
| name      | varchar(34) | YES  |     | NULL    |       |
+-----------+-------------+------+-----+---------+-------+
5 rows in set (0.00 sec)
6C)   mysql> select DEPARTMENT.name , DEPARTMENT.telephone from DEPARTMENT left join EMPLOYEES on DEPARTMENT.id = EMPLOYEES.id ORDER BY DEPARTMENT.name ;
+----------+-----------+
| name     | telephone |
+----------+-----------+
| belte    |  71899988 |
| cluade   |  78899988 |
| habimana |    718922 |
| niyikiza |    788888 |
| solange  |     71111 |
+----------+-----------+
5 rows in set (0.03 sec)

6D)  mysql> select DEPARTMENT.name , DEPARTMENT.telephone from DEPARTMENT right join EMPLOYEES on DEPARTMENT.id = EMPLOYEES.id ORDER BY DEPARTMENT.name ;
+----------+-----------+
| name     | telephone |
+----------+-----------+
| belte    |  71899988 |
| cluade   |  78899988 |
| habimana |    718922 |
| niyikiza |    788888 |
| solange  |     71111 |
+----------+-----------+
5 rows in set (0.00 sec)
6E)    mysql> SELECT *FROM EMPLOYEES WHERE salary > (SELECT AVG(salary) FROM EMPLOYEES);
+----+-----------+--------+----------+
| id | telephone | salary | name     |
+----+-----------+--------+----------+
|  2 |     78221 | 321111 | emmanuel |
|  3 |     78220 | 321121 | bugingo  |
|  4 |     78111 | 321021 | juma     |
|  5 |     78001 | 328888 | habimana |
+----+-----------+--------+----------+
4 rows in set (0.03 sec)
Q7)    atabase changed
mysql> CREATE TABLE STUDENT( studentid VARCHAR(5), fullnames VARCHAR(25), gender VARCHAR(6), age INT(2), department VARCHAR(30));
Query OK, 0 rows affected, 1 warning (0.02 sec)

mysql> CREATE VIEW listof_Students AS SELECT id, fullnames, gender, age, department FROM Student;
ERROR 1054 (42S22): Unknown column 'id' in 'field list'
mysql> CREATE VIEW listof_Students AS SELECT studentid, fullnames, gender, age, department FROM Student;
Query OK, 0 rows affected (0.02 sec)

mysql>  CREATE VIEW listof_girls AS SELECT studentid, fullnames, gender, age, department FROM Student WHERE gender= "female";
Query OK, 0 rows affected (0.02 sec)

mysql>  CREATE VIEW listof_boys AS SELECT studentid, fullnames, gender, age, department FROM Student WHERE gender= "male";
Query OK, 0 rows affected (0.02 sec)

mysql> INSERT INTO STUDENT values (001, "Niykiza emmanuel", "male", 21, "BIT"), (002, "Uwimana Odette", "female", 32, "Accounting"), (002344, "Muhayimpundu", "female", 19, "Finance");
Query OK, 3 rows affected (0.00 sec)
Records: 3  Duplicates: 0  Warnings: 0
mysql> INSERT INTO Student (studentid, fullnames, gender, age, department)VALUES (4, 'Alice Johnson', 'Female', 20, 'Computer Science'), (5, 'Bob Smith', 'Male', 22, 'Mathematics'), (6, 'Clara Lee', 'Female', 19, 'Physics'), (7, 'David Brown', 'Male', 21, 'Engineering'), (8, 'Emma Davis', 'Female', 20, 'Biology');
Query OK, 5 rows affected (0.00 sec)
Records: 5  Duplicates: 0  Warnings: 0

mysql> select* from STUDENT;
+-----------+---------------------+--------+------+------------------+
| studentid | fullnames           | gender | age  | department       |
+-----------+---------------------+--------+------+------------------+
| 1         | niyikiza emmenuel | male   |   21 | BIT              |
| 2         | Uwimana Odette      | female |   32 | Accounting       |
| 2344      | Muhayimpundu        | female |   19 | Finance          |
| 4         | Alice Johnson       | Female |   20 | Computer Science |
| 5         | Bob Smith           | Male   |   22 | Mathematics      |
| 6         | Clara Lee           | Female |   19 | Physics          |
| 7         | David Brown         | Male   |   21 | Engineering      |
| 8         | Emma Davis          | Female |   20 | Biology          |
+-----------+---------------------+--------+------+------------------+
8 rows in set (0.00 sec)

mysql> DELETE FROM STUDENT WHERE age<20;
Query OK, 2 rows affected (0.00 sec)

mysql> select* from STUDENT;
+-----------+---------------------+--------+------+------------------+
| studentid | fullnames           | gender | age  | department       |
+-----------+---------------------+--------+------+------------------+
| 1         | niyikiza emmanuel | male   |   21 | BIT              |
| 2         | Uwimana Odette      | female |   32 | Accounting       |
| 4         | Alice Johnson       | Female |   20 | Computer Science |
| 5         | Bob Smith           | Male   |   22 | Mathematics      |
| 7         | David Brown         | Male   |   21 | Engineering      |
| 8         | Emma Davis          | Female |   20 | Biology          |
+-----------+---------------------+--------+------+------------------+
6 rows in set (0.00 sec)

QUESTION 9



mysql> use Clientmanager;
Database changed
mysql> CREATE TABLE EMPLOYEES (Employee_id INT Primary key, First_Name VARCHAR(20), Last_Name VARCHAR(20), Email VARCHAR(40), Phone_Number INT, Hire_Date VARCHAR(20), Job_Id VARCHAR(20), salary INT, Commission_Pct VARCHAR(20), Manager_Id INT, Department_Id INT);
ERROR 1050 (42S01): Table 'employees' already exists
mysql> DROP TABLE EMPLOYEES;
Query OK, 0 rows affected (0.02 sec)

mysql>  CREATE TABLE EMPLOYEES (Employee_id INT Primary key, First_Name VARCHAR(20), Last_Name VARCHAR(20), Email VARCHAR(40), Phone_Number INT, Hire_Date VARCHAR(20), Job_Id VARCHAR(20), salary INT, Commission_Pct VARCHAR(20), Manager_Id INT, Department_Id INT);
Query OK, 0 rows affected (0.03 sec)

mysql> INSERT INTO EMPLOYEES (Employee_id, First_Name, Last_Name, Email, Phone_Number, Hire_Date, Job_Id, Salary, Commission_Pct, Manager_Id, Department_Id)
    -> VALUES
    -> (1, 'John', 'Doe', 'john.doe@example.com', 1234567890, '2022-01-10', 'DEV01', 5000, '5%', 101, 10),
    -> (2, 'Jane', 'Smith', 'jane.smith@example.com', 1234567891, '2021-03-15', 'HR02', 6000, NULL, 102, 20),
    -> (3, 'Michael', 'Brown', 'michael.brown@example.com', 1234567892, '2020-06-20', 'SALES03', 5500, '10%', 103, 30),
    -> (4, 'Emma', 'Davis', 'emma.davis@example.com', 1234567893, '2023-08-25', 'FIN04', 7000, NULL, 104, 40),
    -> (5, 'Chris', 'Taylor', 'chris.taylor@example.com', 1234567894, '2019-11-05', 'ENG05', 8000, '15%', 105, 50);
Query OK, 5 rows affected (0.01 sec)
Records: 5  Duplicates: 0  Warnings: 0

mysql> select* from EMPLOYEES;
+-------------+------------+-----------+---------------------------+--------------+------------+---------+--------+----------------+------------+---------------+
| Employee_id | First_Name | Last_Name | Email                     | Phone_Number | Hire_Date  | Job_Id  | salary | Commission_Pct | Manager_Id | Department_Id |
+-------------+------------+-----------+---------------------------+--------------+------------+---------+--------+----------------+------------+---------------+
|           1 | John       | Doe       | john.doe@example.com      |   1234567890 | 2022-01-10 | DEV01   |   5000 | 5%             |        101 |            10 |
|           2 | Jane       | Smith     | jane.smith@example.com    |   1234567891 | 2021-03-15 | HR02    |   6000 | NULL           |        102 |            20 |
|           3 | Michael    | Brown     | michael.brown@example.com |   1234567892 | 2020-06-20 | SALES03 |   5500 | 10%            |        103 |            30 |
|           4 | Emma       | Davis     | emma.davis@example.com    |   1234567893 | 2023-08-25 | FIN04   |   7000 | NULL           |        104 |            40 |
|           5 | Chris      | Taylor    | chris.taylor@example.com  |   1234567894 | 2019-11-05 | ENG05   |   8000 | 15%            |        105 |            50 |
+-------------+------------+-----------+---------------------------+--------------+------------+---------+--------+----------------+------------+---------------+
5 rows in set (0.00 sec)



a. find out employee id, names, salary of all employees


  SELECT Employee_id, First_Name, Last_Name, salary FROM EMPLOYEES;
+-------------+------------+-----------+--------+
| Employee_id | First_Name | Last_Name | salary |
+-------------+------------+-----------+--------+
|           1 | John       | Doe       |   5000 |
|           2 | Jane       | Smith     |   6000 |
|           3 | Michael    | Brown     |   5500 |
|           4 | Emma       | Davis     |   7000 |
|           5 | Chris      | Taylor    |   8000 |
+-------------+------------+-----------+--------+
5 rows in set (0.00 sec)


B) list out the employees who works under manager 100.

mysql> SELECT Employee_id, First_Name, Last_Name, Manager_Id FROM EMPLOYEES WHERE Manager_Id = 100;
Empty set (0.00 sec)


c)find the names of the employees who have a salary greater tan or equal to 4800



mysql> SELECT Employee_id, First_Name, Last_Name, Salary FROM EMPLOYEES WHERE Salary >= 4800;
+-------------+------------+-----------+--------+
| Employee_id | First_Name | Last_Name | Salary |
+-------------+------------+-----------+--------+
|           1 | John       | Doe       |   5000 |
|           2 | Jane       | Smith     |   6000 |
|           3 | Michael    | Brown     |   5500 |
|           4 | Emma       | Davis     |   7000 |
|           5 | Chris      | Taylor    |   8000 |
+-------------+------------+-----------+--------+
5 rows in set (0.00 sec)


D) List out the employees who last name is "AUSTIN"


mysql> SELECT Employee_id, First_Name, Last_Name, Salary FROM EMPLOYEES WHERE Last_Name = 'AUSTIN';
Empty set (0.00 sec)



E)find the names of the employees who  works in department 60,70,80.



mysql> SELECT Employee_id, First_Name, Last_Name, Department_Id FROM EMPLOYEES WHERE Department_Id IN (60, 70, 80);
Empty set (0.00 sec)

mysql> select* from EMPLOYEES;
+-------------+------------+-----------+---------------------------+--------------+------------+---------+--------+----------------+------------+---------------+
| Employee_id | First_Name | Last_Name | Email                     | Phone_Number | Hire_Date  | Job_Id  | salary | Commission_Pct | Manager_Id | Department_Id |
+-------------+------------+-----------+---------------------------+--------------+------------+---------+--------+----------------+------------+---------------+
|           1 | John       | Doe       | john.doe@example.com      |   1234567890 | 2022-01-10 | DEV01   |   5000 | 5%             |        101 |            10 |
|           2 | Jane       | Smith     | jane.smith@example.com    |   1234567891 | 2021-03-15 | HR02    |   6000 | NULL           |        102 |            20 |
|           3 | Michael    | Brown     | michael.brown@example.com |   1234567892 | 2020-06-20 | SALES03 |   5500 | 10%            |        103 |            30 |
|           4 | Emma       | Davis     | emma.davis@example.com    |   1234567893 | 2023-08-25 | FIN04   |   7000 | NULL           |        104 |            40 |
|           5 | Chris      | Taylor    | chris.taylor@example.com  |   1234567894 | 2019-11-05 | ENG05   |   8000 | 15%            |        105 |            50 |
+-------------+------------+-----------+---------------------------+--------------+------------+---------+--------+----------------+------------+---------------+
5 rows in set (0.00 sec)

mysql> UPDATE EMPLOYEES SET Department_Id=60 WHERE Employee_Id=3;
Query OK, 1 row affected (0.00 sec)
Rows matched: 1  Changed: 1  Warnings: 0

mysql> select* from EMPLOYEES;
+-------------+------------+-----------+---------------------------+--------------+------------+---------+--------+----------------+------------+---------------+
| Employee_id | First_Name | Last_Name | Email                     | Phone_Number | Hire_Date  | Job_Id  | salary | Commission_Pct | Manager_Id | Department_Id |
+-------------+------------+-----------+---------------------------+--------------+------------+---------+--------+----------------+------------+---------------+
|           1 | John       | Doe       | john.doe@example.com      |   1234567890 | 2022-01-10 | DEV01   |   5000 | 5%             |        101 |            10 |
|           2 | Jane       | Smith     | jane.smith@example.com    |   1234567891 | 2021-03-15 | HR02    |   6000 | NULL           |        102 |            20 |
|           3 | Michael    | Brown     | michael.brown@example.com |   1234567892 | 2020-06-20 | SALES03 |   5500 | 10%            |        103 |            60 |
|           4 | Emma       | Davis     | emma.davis@example.com    |   1234567893 | 2023-08-25 | FIN04   |   7000 | NULL           |        104 |            40 |
|           5 | Chris      | Taylor    | chris.taylor@example.com  |   1234567894 | 2019-11-05 | ENG05   |   8000 | 15%            |        105 |            50 |
+-------------+------------+-----------+---------------------------+--------------+------------+---------+--------+----------------+------------+---------------+
5 rows in set (0.00 sec)

mysql> SELECT Employee_id, First_Name, Last_Name, Department_Id FROM EMPLOYEES WHERE Department_Id IN (60, 70, 80);
+-------------+------------+-----------+---------------+
| Employee_id | First_Name | Last_Name | Department_Id |
+-------------+------------+-----------+---------------+
|           3 | Michael    | Brown     |            60 |
+-------------+------------+-----------+---------------+
1 row in set (0.00 sec)




QUESTION 10.



mysql> CREATE TABLE sales ( sales_no INT PRIMARY KEY, sales_name VARCHAR(100), branch VARCHAR(100), sales_amount DECIMAL(10, 2), dob DATE);
Query OK, 0 rows affected (0.02 sec)



A)INSERT 5 RECORDS


mysql> INSERT INTO sales (sales_no, sales_name, branch, sales_amount, dob)VALUES (1, 'Jean Bosco', 'Kigali', 25000.50, '1985-03-22'),(2, 'Munyakazi Solange', 'Huye', 18000.75, '1992-07-11'), (3, 'Uwase Chantal', 'Musanze', 32000.30, '1990-10-15'), (4, 'Niyonzima David', 'Rubavu', 45000.00, '1988-05-09'), (5, 'Nyirabega Christine', 'Nyamagabe', 15000.45, '1995-12-03');
Query OK, 5 rows affected (0.00 sec)
Records: 5  Duplicates: 0  Warnings: 0


B) calculate total sales amount in each brach



mysql> SELECT branch, SUM(sales_amount) AS total_sales_amount FROM sales GROUP BY branch;
+-----------+--------------------+
| branch    | total_sales_amount |
+-----------+--------------------+
| Kigali    |           25000.50 |
| Huye      |           18000.75 |
| Musanze   |           32000.30 |
| Rubavu    |           45000.00 |
| Nyamagabe |           15000.45 |
+-----------+--------------------+
5 rows in set (0.00 sec)


C) calculate average sales amount in each brach


mysql> SELECT branch, AVG(sales_amount) AS average_sales_amount FROM sales GROUP BY branch;
+-----------+----------------------+
| branch    | average_sales_amount |
+-----------+----------------------+
| Kigali    |         25000.500000 |
| Huye      |         18000.750000 |
| Musanze   |         32000.300000 |
| Rubavu    |         45000.000000 |
| Nyamagabe |         15000.450000 |
+-----------+----------------------+
5 rows in set (0.00 sec)


D)display all salesmen, DOB, who are born in the mouth of December as day in character format i.e. 21-dec-09.


mysql> SELECT sales_name, DATE_FORMAT(dob, '%d-%b-%y') AS dob FROM sales WHERE MONTH(dob) = 12;
+---------------------+-----------+
| sales_name          | dob       |
+---------------------+-----------+
| Nyirabega Christine | 03-Dec-95 |
+---------------------+-----------+
1 row in set (0.00 sec)


E) Display the name and DBO of salesman in alphabetical order of month?

mysql> SELECT sales_name, DATE_FORMAT(dob, '%d-%b-%y') AS dob FROM sales ORDER BY MONTH(dob), DAY(dob);
+---------------------+-----------+
| sales_name          | dob       |
+---------------------+-----------+
| Jean Bosco          | 22-Mar-85 |
| Niyonzima David     | 09-May-88 |
| Munyakazi Solange   | 11-Jul-92 |
| Uwase Chantal       | 15-Oct-90 |
| Nyirabega Christine | 03-Dec-95 |
+---------------------+-----------+
5 rows in set (0.00 sec)